hello1hello3hello5hello7hello9hello11hello13hello15hello17hello19